// Vitest Snapshot v1, https://vitest.dev/guide/snapshot.html

exports[`autoescape.django - django-verify > autoescape.django 1`] = `
{% autoescape 'html' %}

<button type="button">Click me</button>

<span>Yes</span>

{% endautoescape %}

{%- autoescape 'html' -%}
<button type="button">Click me</button>
{%- endautoescape -%}
~~~~~~~~~~~~~~~~~~~~~~~~~~~~~~~~~~~~~~~~~~~~~~~~~~~~~~~~~~~~~~~~~~~~~~~~~~~~~~~~
{% autoescape 'html' %}
    <button type="button">Click me</button>

    <span>Yes</span>
{% endautoescape %}

{%- autoescape 'html' -%}
    <button type="button">Click me</button>
{%- endautoescape -%}

`;

exports[`filter.django - django-verify > filter.django 1`] = `
{% filter upper %}
    This text becomes uppercase
{% endfilter %}

{% filter upper -%}
    This text becomes uppercase
{%- endfilter %}

{%- filter lower|escape('html') | upper | escape('markdown') | lower | upper | escape('markdown') %}
    <strong>SOME TEXT</strong>

    <p>The cat is taking a nap in the sunshine.</p>

    
{% endfilter -%}
~~~~~~~~~~~~~~~~~~~~~~~~~~~~~~~~~~~~~~~~~~~~~~~~~~~~~~~~~~~~~~~~~~~~~~~~~~~~~~~~
{% filter upper %}
    This text becomes uppercase
{% endfilter %}

{% filter upper -%}
    This text becomes uppercase
{%- endfilter %}

{%- filter lower
    |escape('html')
    |upper
    |escape('markdown')
    |lower
    |upper
    |escape('markdown')
%}
    <strong>SOME TEXT</strong>

    <p>The cat is taking a nap in the sunshine.</p>
{% endfilter -%}

`;

exports[`spaceless.django - django-verify > spaceless.django 1`] = `
{% spaceless %}
<div class="qtp-item__text">
    Receive {{ formattedIncentive }} cash back for testing this hotel.
    Or just <span> be </span> happy!
</div>
{% endspaceless %}

{%- spaceless -%}
The quick brown fox
{%- endspaceless -%}
~~~~~~~~~~~~~~~~~~~~~~~~~~~~~~~~~~~~~~~~~~~~~~~~~~~~~~~~~~~~~~~~~~~~~~~~~~~~~~~~
{% spaceless %}
    <div class="qtp-item__text">
        Receive {{ formattedIncentive }} cash back for testing this hotel. Or just
        <span>be</span> happy!
    </div>
{% endspaceless %}

{%- spaceless -%}
    The quick brown fox
{%- endspaceless -%}

`;
